// Jest Snapshot v1, https://goo.gl/fbAQLP

exports[`renders correctly 1`] = `
<View
  accessible={true}
  focusable={false}
  onClick={[Function]}
  onResponderGrant={[Function]}
  onResponderMove={[Function]}
  onResponderRelease={[Function]}
  onResponderTerminate={[Function]}
  onResponderTerminationRequest={[Function]}
  onStartShouldSetResponder={[Function]}
  style={
    Object {
      "borderColor": "#EAEAEA",
      "borderRadius": 5,
      "borderWidth": 1,
      "flex": 1,
      "marginBottom": 25,
      "marginHorizontal": 15,
      "minHeight": 200,
      "opacity": 1,
    }
  }
>
  <Image
    source={
      Object {
        "uri": "https://image.tmdb.org/t/p/w500/undefined",
      }
    }
    style={
      Object {
        "alignItems": "flex-start",
        "justifyContent": "flex-end",
        "minHeight": 150,
        "resizeMode": "stretch",
      }
    }
  />
  <View
    style={
      Object {
        "alignItems": "center",
        "flexDirection": "row",
        "justifyContent": "center",
        "minHeight": 50,
        "padding": 5,
      }
    }
  >
    <View
      style={Object {}}
    >
      <Text />
    </View>
  </View>
</View>
`;
